// Jest Snapshot v1, https://goo.gl/fbAQLP

exports[`Should match snapshot 1`] = `
<DocumentFragment>
  <div
    class="ant-card ant-card-bordered"
  >
    <div
      class="ant-card-head"
    >
      <div
        class="ant-card-head-wrapper"
      >
        <div
          class="ant-card-head-title"
        >
          Transfer
        </div>
      </div>
    </div>
    <div
      class="ant-card-body"
    >
      <div
        class="ant-space ant-space-vertical"
      >
        <div
          class="ant-space-item"
          style="margin-bottom: 8px;"
        >
          <button
            class="ant-btn ant-btn-primary"
            data-testid="7"
            type="button"
          >
            <span>
              Make a transfer
            </span>
          </button>
        </div>
        <div
          class="ant-space-item"
        />
      </div>
    </div>
  </div>
</DocumentFragment>
`;
